[2026-09-06 19:14:29] ╔══════════════════════════════════════════════════╗
[2026-09-06 19:14:29] ║ v8 CLOUD — 2×RTX 4090 (v8.0 CLI)                 ║
[2026-09-06 19:14:29] ╚══════════════════════════════════════════════════╝
GPU 0: NVIDIA GeForce RTX 4090 (23.5 GB)
GPU 1: NVIDIA GeForce RTX 4090 (23.5 GB)
bitsandbytes: 0.50.1
[2026-09-06 19:14:38] ▶ START Mixtral-8x7B-Instruct [early] repeats=1
[transformers] `torch_dtype` is deprecated! Use `dtype` instead!
[LayerSplit] Model has 32 layers, split='early' → layers 0..7 (8 layers)

Loading weights:   0%|          | 0/291 [00:00<?, ?it/s]
Loading weights:   1%|          | 3/291 [00:00<00:41,  7.02it/s]
Loading weights:   4%|▍         | 12/291 [00:00<00:21, 13.13it/s]
Loading weights:   7%|▋         | 21/291 [00:01<00:18, 14.30it/s]
Loading weights:  10%|█         | 30/291 [00:02<00:17, 14.63it/s]
Loading weights:  13%|█▎        | 39/291 [00:02<00:16, 15.07it/s]
Loading weights:  16%|█▋        | 48/291 [00:03<00:15, 15.44it/s]
Loading weights:  20%|█▉        | 57/291 [00:03<00:15, 15.50it/s]
Loading weights:  23%|██▎       | 66/291 [00:04<00:15, 14.65it/s]
Loading weights:  26%|██▌       | 75/291 [00:05<00:13, 15.74it/s]
Loading weights:  29%|██▉       | 84/291 [00:05<00:13, 15.24it/s]
Loading weights:  32%|███▏      | 93/291 [00:06<00:12, 15.68it/s]
Loading weights:  35%|███▌      | 102/291 [00:07<00:18, 10.29it/s]
Loading weights:  36%|███▌      | 104/291 [00:08<00:19,  9.60it/s]
Loading weights:  38%|███▊      | 111/291 [00:09<00:23,  7.76it/s]
Loading weights:  38%|███▊      | 112/291 [00:09<00:25,  6.96it/s]
Loading weights:  41%|████      | 120/291 [00:12<00:37,  4.58it/s]
Loading weights:  42%|████▏     | 121/291 [00:13<00:43,  3.88it/s]
Loading weights:  44%|████▍     | 129/291 [00:17<00:58,  2.75it/s]
Loading weights:  45%|████▍     | 130/291 [00:18<01:03,  2.52it/s]
Loading weights:  47%|████▋     | 138/291 [00:23<01:16,  1.99it/s]
Loading weights:  48%|████▊     | 139/291 [00:24<01:23,  1.83it/s]
Loading weights:  51%|█████     | 147/291 [00:25<00:56,  2.53it/s]
Loading weights:  51%|█████     | 148/291 [00:26<00:53,  2.65it/s]
Loading weights:  54%|█████▎    | 156/291 [00:26<00:32,  4.20it/s]
Loading weights:  54%|█████▍    | 157/291 [00:26<00:31,  4.32it/s]
Loading weights:  57%|█████▋    | 165/291 [00:27<00:20,  6.17it/s]
Loading weights:  57%|█████▋    | 166/291 [00:27<00:20,  6.18it/s]
Loading weights:  60%|█████▉    | 174/291 [00:28<00:14,  8.10it/s]
Loading weights:  60%|██████    | 175/291 [00:28<00:14,  7.79it/s]
Loading weights:  63%|██████▎   | 183/291 [00:29<00:11,  9.10it/s]
Loading weights:  63%|██████▎   | 184/291 [00:29<00:12,  8.84it/s]
Loading weights:  66%|██████▌   | 192/291 [00:30<00:09, 10.15it/s]
Loading weights:  66%|██████▋   | 193/291 [00:30<00:10,  9.72it/s]
Loading weights:  69%|██████▉   | 201/291 [00:30<00:08, 10.56it/s]
Loading weights:  69%|██████▉   | 202/291 [00:31<00:08, 10.01it/s]
Loading weights:  72%|███████▏  | 210/291 [00:31<00:07, 10.30it/s]
Loading weights:  73%|███████▎  | 211/291 [00:31<00:08,  9.72it/s]
Loading weights:  75%|███████▌  | 219/291 [00:32<00:07,  9.79it/s]
Loading weights:  76%|███████▌  | 220/291 [00:32<00:07,  9.37it/s]
Loading weights:  78%|███████▊  | 228/291 [00:33<00:05, 10.76it/s]
Loading weights:  79%|███████▊  | 229/291 [00:33<00:06, 10.17it/s]
Loading weights:  81%|████████▏ | 237/291 [00:34<00:04, 10.85it/s]
Loading weights:  82%|████████▏ | 238/291 [00:34<00:05, 10.21it/s]
Loading weights:  85%|████████▍ | 246/291 [00:35<00:04, 10.75it/s]
Loading weights:  85%|████████▍ | 247/291 [00:35<00:04, 10.09it/s]
Loading weights:  88%|████████▊ | 255/291 [00:36<00:03, 10.75it/s]
Loading weights:  88%|████████▊ | 256/291 [00:36<00:03, 10.10it/s]
Loading weights:  91%|█████████ | 264/291 [00:37<00:02, 10.69it/s]
Loading weights:  91%|█████████ | 265/291 [00:37<00:02,  9.97it/s]
Loading weights:  94%|█████████▍| 273/291 [00:37<00:01, 10.82it/s]
Loading weights:  94%|█████████▍| 274/291 [00:38<00:01, 10.17it/s]
Loading weights:  97%|█████████▋| 282/291 [00:38<00:00, 10.89it/s]
Loading weights:  97%|█████████▋| 283/291 [00:38<00:00, 10.22it/s]
Loading weights: 100%|██████████| 291/291 [00:38<00:00,  7.49it/s]
Some parameters are on the meta device because they were offloaded to the cpu.
[Load] float16 on single GPU (cuda:0)
[Load] sliding_window=4096 (no conflict with probe lengths <=512)
[ZH-Filter] kept 10/20 probes (Δlogp > 0.5). Kept indices: [1, 2, 3, 6, 7, 9, 15, 16, 17, 18]
[Gate] EN baseline acc=90.0% (2 failed: [1, 3]) → WARN (continuing)
[Gate] ZH baseline acc=100.0% (0 failed: []) → PASS
[Stream] Incremental log -> /root/data/punc/results_v8_cloud/Mixtral-8x7B-Instruct_early/stream.jsonl

############################################################
  REPEAT 1/1 (seed=42)
############################################################

==================================================
  CONDITION: baseline (seed=42)
==================================================
  EN acc=90.0% ppl=48.58
  ZH acc=100.0% ppl=12.14
  EN gen_ppl=1.98
  ZH gen_ppl=1.63

==================================================
  CONDITION: uniform_causal (seed=42)
==================================================
[Intervention] Registered 8 hooks on layers [0, 1, 2, 3, 4, 5, 6, 7], mode=uniform_causal
[Verify] All hooks fired. Total calls: 5264, per-layer: {0: 658, 1: 658, 2: 658, 3: 658, 4: 658, 5: 658, 6: 658, 7: 658}
  EN acc=90.0% ppl=813.66
  ZH acc=90.0% ppl=1067.10
  EN gen_ppl=51.61
  ZH gen_ppl=441.14

==================================================
  CONDITION: uniform_global (seed=42)
==================================================
[Intervention] Registered 8 hooks on layers [0, 1, 2, 3, 4, 5, 6, 7], mode=uniform_global
[Verify] All hooks fired. Total calls: 5264, per-layer: {0: 658, 1: 658, 2: 658, 3: 658, 4: 658, 5: 658, 6: 658, 7: 658}
  EN acc=85.0% ppl=453.32
  ZH acc=90.0% ppl=1028.67
  EN gen_ppl=77.47
  ZH gen_ppl=117.34

==================================================
  CONDITION: shuffle_rows (seed=42)
==================================================
[Intervention] Registered 8 hooks on layers [0, 1, 2, 3, 4, 5, 6, 7], mode=shuffle_rows
[Verify] All hooks fired. Total calls: 5016, per-layer: {0: 627, 1: 627, 2: 627, 3: 627, 4: 627, 5: 627, 6: 627, 7: 627}
  EN acc=90.0% ppl=173.96
  ZH acc=50.0% ppl=300.39
  EN gen_ppl=62.08
  ZH gen_ppl=40.12

Saved -> /root/data/punc/results_v8_cloud/Mixtral-8x7B-Instruct_early/intervention_results.json
[2026-09-07 00:53:08] ✅ DONE Mixtral-8x7B-Instruct_early in 20310s
[2026-09-07 00:53:08] ▶ START Mixtral-8x7B-Instruct [early]_shuffvar repeats=3
[transformers] `torch_dtype` is deprecated! Use `dtype` instead!
[LayerSplit] Model has 32 layers, split='early' → layers 0..7 (8 layers)

Loading weights:   0%|          | 0/291 [00:00<?, ?it/s]
Loading weights:   1%|          | 3/291 [00:00<01:18,  3.68it/s]
Loading weights:   4%|▍         | 12/291 [00:01<00:34,  8.17it/s]
Loading weights:   7%|▋         | 21/291 [00:02<00:25, 10.79it/s]
Loading weights:  10%|█         | 30/291 [00:02<00:21, 12.12it/s]
Loading weights:  13%|█▎        | 39/291 [00:03<00:19, 12.62it/s]
Loading weights:  16%|█▋        | 48/291 [00:04<00:19, 12.49it/s]
Loading weights:  20%|█▉        | 57/291 [00:05<00:20, 11.23it/s]
Loading weights:  23%|██▎       | 66/291 [00:06<00:22, 10.15it/s]
Loading weights:  26%|██▌       | 75/291 [00:06<00:20, 10.71it/s]
Loading weights:  29%|██▉       | 84/291 [00:07<00:18, 11.05it/s]
Loading weights:  32%|███▏      | 93/291 [00:08<00:17, 11.28it/s]
Loading weights:  35%|███▌      | 102/291 [00:10<00:23,  8.02it/s]
Loading weights:  35%|███▌      | 103/291 [00:10<00:26,  7.09it/s]
Loading weights:  38%|███▊      | 111/291 [00:12<00:27,  6.55it/s]
Loading weights:  38%|███▊      | 112/291 [00:12<00:28,  6.31it/s]
Loading weights:  41%|████      | 120/291 [00:13<00:24,  6.93it/s]
Loading weights:  42%|████▏     | 121/291 [00:13<00:28,  5.97it/s]
Loading weights:  44%|████▍     | 129/291 [00:15<00:30,  5.30it/s]
Loading weights:  45%|████▍     | 130/291 [00:16<00:34,  4.62it/s]
Loading weights:  47%|████▋     | 138/291 [00:22<01:13,  2.09it/s]
Loading weights:  48%|████▊     | 139/291 [00:24<01:23,  1.83it/s]
Loading weights:  51%|█████     | 147/291 [00:29<01:24,  1.70it/s]
Loading weights:  51%|█████     | 148/291 [00:29<01:23,  1.71it/s]
Loading weights:  54%|█████▎    | 156/291 [00:33<01:12,  1.87it/s]
Loading weights:  54%|█████▍    | 157/291 [00:33<01:07,  1.97it/s]
Loading weights:  57%|█████▋    | 165/291 [00:34<00:38,  3.23it/s]
Loading weights:  57%|█████▋    | 166/291 [00:34<00:37,  3.35it/s]
Loading weights:  60%|█████▉    | 174/291 [00:35<00:23,  5.00it/s]
Loading weights:  60%|██████    | 175/291 [00:35<00:23,  5.04it/s]
Loading weights:  63%|██████▎   | 183/291 [00:36<00:15,  6.86it/s]
Loading weights:  63%|██████▎   | 184/291 [00:36<00:15,  6.79it/s]
Loading weights:  66%|██████▌   | 192/291 [00:36<00:11,  8.50it/s]
Loading weights:  66%|██████▋   | 193/291 [00:37<00:11,  8.25it/s]
Loading weights:  69%|██████▉   | 201/291 [00:37<00:09,  9.90it/s]
Loading weights:  69%|██████▉   | 202/291 [00:37<00:09,  9.47it/s]
Loading weights:  72%|███████▏  | 210/291 [00:38<00:07, 10.89it/s]
Loading weights:  73%|███████▎  | 211/291 [00:38<00:07, 10.32it/s]
Loading weights:  75%|███████▌  | 219/291 [00:39<00:06, 10.61it/s]
Loading weights:  76%|███████▌  | 220/291 [00:39<00:07,  9.71it/s]
Loading weights:  78%|███████▊  | 228/291 [00:40<00:07,  8.71it/s]
Loading weights:  79%|███████▊  | 229/291 [00:40<00:07,  8.27it/s]
Loading weights:  81%|████████▏ | 237/291 [00:41<00:06,  8.73it/s]
Loading weights:  82%|████████▏ | 238/291 [00:41<00:06,  8.06it/s]
Loading weights:  85%|████████▍ | 246/291 [00:42<00:05,  8.83it/s]
Loading weights:  85%|████████▍ | 247/291 [00:42<00:05,  8.47it/s]
Loading weights:  88%|████████▊ | 255/291 [00:43<00:04,  8.91it/s]
Loading weights:  88%|████████▊ | 256/291 [00:43<00:04,  8.12it/s]
Loading weights:  91%|█████████ | 264/291 [00:44<00:03,  8.68it/s]
Loading weights:  91%|█████████ | 265/291 [00:45<00:03,  8.35it/s]
Loading weights:  94%|█████████▍| 273/291 [00:45<00:01,  9.04it/s]
Loading weights:  94%|█████████▍| 274/291 [00:46<00:02,  8.24it/s]
Loading weights:  97%|█████████▋| 282/291 [00:46<00:01,  8.72it/s]
Loading weights:  97%|█████████▋| 283/291 [00:47<00:00,  8.26it/s]
Loading weights: 100%|██████████| 291/291 [00:47<00:00,  6.18it/s]
Some parameters are on the meta device because they were offloaded to the cpu.
[Load] float16 on single GPU (cuda:0)
[Load] sliding_window=4096 (no conflict with probe lengths <=512)
[ZH-Filter] kept 10/20 probes (Δlogp > 0.5). Kept indices: [1, 2, 3, 6, 7, 9, 15, 16, 17, 18]
[Gate] EN baseline acc=90.0% (2 failed: [1, 3]) → WARN (continuing)
[Gate] ZH baseline acc=100.0% (0 failed: []) → PASS
[Stream] Incremental log -> /root/data/punc/results_v8_cloud/Mixtral-8x7B-Instruct_early_shuffvar/stream.jsonl

############################################################
  REPEAT 1/3 (seed=42)
############################################################

==================================================
  CONDITION: shuffle_rows (seed=42)
==================================================
[Intervention] Registered 8 hooks on layers [0, 1, 2, 3, 4, 5, 6, 7], mode=shuffle_rows
[Verify] All hooks fired. Total calls: 384, per-layer: {0: 48, 1: 48, 2: 48, 3: 48, 4: 48, 5: 48, 6: 48, 7: 48}
  EN acc=90.0% ppl=173.96
  ZH acc=50.0% ppl=300.39

############################################################
  REPEAT 2/3 (seed=43)
############################################################

==================================================
  CONDITION: shuffle_rows (seed=43)
==================================================
[Intervention] Registered 8 hooks on layers [0, 1, 2, 3, 4, 5, 6, 7], mode=shuffle_rows
[Verify] All hooks fired. Total calls: 384, per-layer: {0: 48, 1: 48, 2: 48, 3: 48, 4: 48, 5: 48, 6: 48, 7: 48}
  EN acc=90.0% ppl=151.72
  ZH acc=100.0% ppl=317.96

############################################################
  REPEAT 3/3 (seed=44)
############################################################

==================================================
  CONDITION: shuffle_rows (seed=44)
==================================================
[Intervention] Registered 8 hooks on layers [0, 1, 2, 3, 4, 5, 6, 7], mode=shuffle_rows
[Verify] All hooks fired. Total calls: 384, per-layer: {0: 48, 1: 48, 2: 48, 3: 48, 4: 48, 5: 48, 6: 48, 7: 48}
  EN acc=85.0% ppl=371.86
  ZH acc=70.0% ppl=293.71

============================================================
SUMMARY (mean ± std across repeats)
============================================================
  shuffle_rows         | EN acc=88.3±2.4% ZH acc=73.3±20.5%

Saved -> /root/data/punc/results_v8_cloud/Mixtral-8x7B-Instruct_early_shuffvar/intervention_results.json
[2026-09-07 01:28:30] ✅ DONE Mixtral-8x7B-Instruct_early_shuffvar in 2122s
[2026-09-07 01:28:30] ▶ START Mixtral-8x7B-Instruct [mid] repeats=1
[transformers] `torch_dtype` is deprecated! Use `dtype` instead!
[LayerSplit] Model has 32 layers, split='mid' → layers 8..23 (16 layers)

Loading weights:   0%|          | 0/291 [00:00<?, ?it/s]
Loading weights:   1%|          | 3/291 [00:00<00:36,  7.86it/s]
Loading weights:   4%|▍         | 12/291 [00:01<00:25, 11.06it/s]
Loading weights:   7%|▋         | 21/291 [00:01<00:22, 12.01it/s]
Loading weights:  10%|█         | 30/291 [00:02<00:22, 11.52it/s]
Loading weights:  13%|█▎        | 39/291 [00:03<00:25,  9.94it/s]
Loading weights:  16%|█▋        | 48/291 [00:04<00:22, 10.90it/s]
Loading weights:  20%|█▉        | 57/291 [00:05<00:20, 11.58it/s]
Loading weights:  23%|██▎       | 66/291 [00:05<00:18, 12.14it/s]
Loading weights:  26%|██▌       | 75/291 [00:06<00:18, 11.59it/s]
Loading weights:  29%|██▉       | 84/291 [00:07<00:20,  9.92it/s]
Loading weights:  32%|███▏      | 93/291 [00:08<00:19, 10.17it/s]
Loading weights:  35%|███▌      | 102/291 [00:11<00:31,  5.91it/s]
Loading weights:  35%|███▌      | 103/291 [00:12<00:35,  5.22it/s]
Loading weights:  38%|███▊      | 111/291 [00:14<00:37,  4.84it/s]
Loading weights:  38%|███▊      | 112/291 [00:14<00:41,  4.32it/s]
Loading weights:  41%|████      | 120/291 [00:16<00:37,  4.54it/s]
Loading weights:  42%|████▏     | 121/291 [00:17<00:42,  4.03it/s]
Loading weights:  44%|████▍     | 129/291 [00:19<00:45,  3.59it/s]
Loading weights:  45%|████▍     | 130/291 [00:20<00:57,  2.80it/s]
Loading weights:  47%|████▋     | 138/291 [00:25<01:07,  2.27it/s]
Loading weights:  48%|████▊     | 139/291 [00:26<01:13,  2.06it/s]
Loading weights:  51%|█████     | 147/291 [00:31<01:17,  1.85it/s]
Loading weights:  51%|█████     | 148/291 [00:32<01:21,  1.76it/s]
Loading weights:  54%|█████▎    | 156/291 [00:35<01:09,  1.94it/s]
Loading weights:  54%|█████▍    | 157/291 [00:35<01:05,  2.04it/s]
Loading weights:  57%|█████▋    | 165/291 [00:36<00:37,  3.34it/s]
Loading weights:  57%|█████▋    | 166/291 [00:36<00:36,  3.45it/s]
Loading weights:  60%|█████▉    | 174/291 [00:37<00:22,  5.22it/s]
Loading weights:  60%|██████    | 175/291 [00:37<00:21,  5.27it/s]
Loading weights:  63%|██████▎   | 183/291 [00:38<00:15,  7.05it/s]
Loading weights:  63%|██████▎   | 184/291 [00:38<00:15,  6.75it/s]
Loading weights:  66%|██████▌   | 192/291 [00:39<00:12,  7.73it/s]
Loading weights:  66%|██████▋   | 193/291 [00:39<00:13,  7.31it/s]
Loading weights:  69%|██████▉   | 201/291 [00:40<00:11,  8.12it/s]
Loading weights:  69%|██████▉   | 202/291 [00:40<00:11,  7.87it/s]
Loading weights:  72%|███████▏  | 210/291 [00:41<00:08,  9.19it/s]
Loading weights:  73%|███████▎  | 211/291 [00:41<00:09,  8.65it/s]
Loading weights:  75%|███████▌  | 219/291 [00:42<00:07,  9.83it/s]
Loading weights:  76%|███████▌  | 220/291 [00:42<00:07,  9.30it/s]
Loading weights:  78%|███████▊  | 228/291 [00:43<00:06,  9.97it/s]
Loading weights:  79%|███████▊  | 229/291 [00:43<00:06,  9.39it/s]
Loading weights:  81%|████████▏ | 237/291 [00:44<00:05,  9.10it/s]
Loading weights:  82%|████████▏ | 238/291 [00:44<00:06,  8.55it/s]
Loading weights:  85%|████████▍ | 246/291 [00:45<00:04,  9.34it/s]
Loading weights:  85%|████████▍ | 247/291 [00:45<00:04,  8.84it/s]
Loading weights:  88%|████████▊ | 255/291 [00:46<00:03,  9.72it/s]
Loading weights:  88%|████████▊ | 256/291 [00:46<00:03,  9.14it/s]
Loading weights:  91%|█████████ | 264/291 [00:47<00:02,  9.90it/s]
Loading weights:  91%|█████████ | 265/291 [00:47<00:02,  9.32it/s]
Loading weights:  94%|█████████▍| 273/291 [00:47<00:01,  9.96it/s]
Loading weights:  94%|█████████▍| 274/291 [00:48<00:01,  9.28it/s]
Loading weights:  97%|█████████▋| 282/291 [00:48<00:00, 10.01it/s]
Loading weights:  97%|█████████▋| 283/291 [00:49<00:00,  9.31it/s]
Loading weights: 100%|██████████| 291/291 [00:49<00:00,  5.93it/s]
Some parameters are on the meta device because they were offloaded to the cpu.
[Load] float16 on single GPU (cuda:0)
[Load] sliding_window=4096 (no conflict with probe lengths <=512)
[ZH-Filter] kept 10/20 probes (Δlogp > 0.5). Kept indices: [1, 2, 3, 6, 7, 9, 15, 16, 17, 18]
[Gate] EN baseline acc=90.0% (2 failed: [1, 3]) → WARN (continuing)
[Gate] ZH baseline acc=100.0% (0 failed: []) → PASS
[Stream] Incremental log -> /root/data/punc/results_v8_cloud/Mixtral-8x7B-Instruct_mid/stream.jsonl

############################################################
  REPEAT 1/1 (seed=42)
############################################################

==================================================
  CONDITION: baseline (seed=42)
==================================================
  EN acc=90.0% ppl=48.58
  ZH acc=100.0% ppl=12.14
  EN gen_ppl=1.98
  ZH gen_ppl=1.63

==================================================
  CONDITION: uniform_causal (seed=42)
==================================================
[Intervention] Registered 16 hooks on layers [8, 9, 10, 11, 12, 13, 14, 15, 16, 17, 18, 19, 20, 21, 22, 23], mode=uniform_causal
[Verify] All hooks fired. Total calls: 10528, per-layer: {8: 658, 9: 658, 10: 658, 11: 658, 12: 658, 13: 658, 14: 658, 15: 658, 16: 658, 17: 658, 18: 658, 19: 658, 20: 658, 21: 658, 22: 658, 23: 658}
  EN acc=90.0% ppl=59.06
  ZH acc=100.0% ppl=26.26
  EN gen_ppl=3.08
  ZH gen_ppl=5.22

==================================================
  CONDITION: uniform_global (seed=42)
==================================================
[Intervention] Registered 16 hooks on layers [8, 9, 10, 11, 12, 13, 14, 15, 16, 17, 18, 19, 20, 21, 22, 23], mode=uniform_global
[Verify] All hooks fired. Total calls: 9712, per-layer: {8: 607, 9: 607, 10: 607, 11: 607, 12: 607, 13: 607, 14: 607, 15: 607, 16: 607, 17: 607, 18: 607, 19: 607, 20: 607, 21: 607, 22: 607, 23: 607}
  EN acc=90.0% ppl=7.73
  ZH acc=100.0% ppl=7.42
  EN gen_ppl=2.08
  ZH gen_ppl=3.45

==================================================
  CONDITION: shuffle_rows (seed=42)
==================================================
[Intervention] Registered 16 hooks on layers [8, 9, 10, 11, 12, 13, 14, 15, 16, 17, 18, 19, 20, 21, 22, 23], mode=shuffle_rows
[Verify] All hooks fired. Total calls: 10528, per-layer: {8: 658, 9: 658, 10: 658, 11: 658, 12: 658, 13: 658, 14: 658, 15: 658, 16: 658, 17: 658, 18: 658, 19: 658, 20: 658, 21: 658, 22: 658, 23: 658}
  EN acc=90.0% ppl=55.09
  ZH acc=100.0% ppl=27.87
  EN gen_ppl=7.96
  ZH gen_ppl=7.26

Saved -> /root/data/punc/results_v8_cloud/Mixtral-8x7B-Instruct_mid/intervention_results.json
[2026-09-07 06:40:42] ✅ DONE Mixtral-8x7B-Instruct_mid in 18732s
[2026-09-07 06:40:42] ▶ START Mixtral-8x7B-Instruct [late] repeats=1
[transformers] `torch_dtype` is deprecated! Use `dtype` instead!
[LayerSplit] Model has 32 layers, split='late' → layers 24..31 (8 layers)

Loading weights:   0%|          | 0/291 [00:00<?, ?it/s]
Loading weights:   1%|          | 3/291 [00:01<01:36,  3.00it/s]
Loading weights:   4%|▍         | 12/291 [00:02<00:42,  6.51it/s]
Loading weights:   7%|▋         | 21/291 [00:03<00:38,  7.02it/s]
Loading weights:  10%|█         | 30/291 [00:04<00:33,  7.80it/s]
Loading weights:  12%|█▏        | 36/291 [00:04<00:24, 10.44it/s]
Loading weights:  13%|█▎        | 39/291 [00:05<00:30,  8.28it/s]
Loading weights:  16%|█▋        | 48/291 [00:06<00:29,  8.32it/s]
Loading weights:  20%|█▉        | 57/291 [00:07<00:29,  7.98it/s]
Loading weights:  23%|██▎       | 66/291 [00:08<00:28,  7.92it/s]
Loading weights:  26%|██▌       | 75/291 [00:09<00:25,  8.63it/s]
Loading weights:  29%|██▉       | 84/291 [00:09<00:21,  9.77it/s]
Loading weights:  32%|███▏      | 93/291 [00:10<00:20,  9.57it/s]
Loading weights:  35%|███▌      | 102/291 [00:13<00:27,  6.78it/s]
Loading weights:  35%|███▌      | 103/291 [00:13<00:30,  6.15it/s]
Loading weights:  38%|███▊      | 111/291 [00:15<00:32,  5.58it/s]
Loading weights:  38%|███▊      | 112/291 [00:15<00:33,  5.40it/s]
Loading weights:  41%|████      | 120/291 [00:16<00:28,  6.09it/s]
Loading weights:  42%|████▏     | 121/291 [00:17<00:36,  4.67it/s]
Loading weights:  44%|████▍     | 129/291 [00:23<01:14,  2.18it/s]
Loading weights:  45%|████▍     | 130/291 [00:24<01:20,  1.99it/s]
Loading weights:  47%|████▋     | 138/291 [00:27<01:08,  2.23it/s]
Loading weights:  48%|████▊     | 139/291 [00:28<01:10,  2.16it/s]
Loading weights:  51%|█████     | 147/291 [00:31<00:58,  2.45it/s]
Loading weights:  51%|█████     | 148/291 [00:31<00:57,  2.48it/s]
Loading weights:  54%|█████▎    | 156/291 [00:32<00:35,  3.82it/s]
Loading weights:  54%|█████▍    | 157/291 [00:32<00:34,  3.94it/s]
Loading weights:  57%|█████▋    | 165/291 [00:33<00:22,  5.64it/s]
Loading weights:  57%|█████▋    | 166/291 [00:33<00:22,  5.59it/s]
Loading weights:  60%|█████▉    | 174/291 [00:34<00:16,  7.07it/s]
Loading weights:  60%|██████    | 175/291 [00:34<00:17,  6.74it/s]
Loading weights:  63%|██████▎   | 183/291 [00:35<00:13,  8.21it/s]
Loading weights:  63%|██████▎   | 184/291 [00:35<00:13,  8.00it/s]
Loading weights:  66%|██████▌   | 192/291 [00:36<00:10,  9.67it/s]
Loading weights:  66%|██████▋   | 193/291 [00:36<00:10,  9.29it/s]
Loading weights:  69%|██████▉   | 201/291 [00:36<00:08, 10.36it/s]
Loading weights:  69%|██████▉   | 202/291 [00:37<00:09,  9.80it/s]
Loading weights:  72%|███████▏  | 210/291 [00:37<00:07, 10.91it/s]
Loading weights:  73%|███████▎  | 211/291 [00:37<00:07, 10.23it/s]
Loading weights:  75%|███████▌  | 219/291 [00:38<00:06, 10.93it/s]
Loading weights:  76%|███████▌  | 220/291 [00:38<00:06, 10.23it/s]
Loading weights:  78%|███████▊  | 228/291 [00:39<00:05, 10.96it/s]
Loading weights:  79%|███████▊  | 229/291 [00:39<00:06, 10.20it/s]
Loading weights:  81%|████████▏ | 237/291 [00:40<00:05, 10.66it/s]
Loading weights:  82%|████████▏ | 238/291 [00:40<00:05,  9.89it/s]
Loading weights:  85%|████████▍ | 246/291 [00:41<00:04, 10.44it/s]
Loading weights:  85%|████████▍ | 247/291 [00:41<00:04,  9.89it/s]
Loading weights:  88%|████████▊ | 255/291 [00:42<00:03, 10.65it/s]
Loading weights:  88%|████████▊ | 256/291 [00:42<00:03, 10.01it/s]
Loading weights:  91%|█████████ | 264/291 [00:42<00:02, 10.51it/s]
Loading weights:  91%|█████████ | 265/291 [00:43<00:02,  9.87it/s]
Loading weights:  94%|█████████▍| 273/291 [00:43<00:01, 10.86it/s]
Loading weights:  94%|█████████▍| 274/291 [00:43<00:01, 10.14it/s]
Loading weights:  97%|█████████▋| 282/291 [00:44<00:00, 10.66it/s]
Loading weights:  97%|█████████▋| 283/291 [00:44<00:00,  9.97it/s]
Loading weights: 100%|██████████| 291/291 [00:44<00:00,  6.50it/s]
Some parameters are on the meta device because they were offloaded to the cpu.
[Load] float16 on single GPU (cuda:0)
[Load] sliding_window=4096 (no conflict with probe lengths <=512)
[ZH-Filter] kept 10/20 probes (Δlogp > 0.5). Kept indices: [1, 2, 3, 6, 7, 9, 15, 16, 17, 18]
[Gate] EN baseline acc=90.0% (2 failed: [1, 3]) → WARN (continuing)
[Gate] ZH baseline acc=100.0% (0 failed: []) → PASS
[Stream] Incremental log -> /root/data/punc/results_v8_cloud/Mixtral-8x7B-Instruct_late/stream.jsonl

############################################################
  REPEAT 1/1 (seed=42)
############################################################

==================================================
  CONDITION: baseline (seed=42)
==================================================
  EN acc=90.0% ppl=48.58
  ZH acc=100.0% ppl=12.14
  EN gen_ppl=1.98
  ZH gen_ppl=1.63

==================================================
  CONDITION: uniform_causal (seed=42)
==================================================
[Intervention] Registered 8 hooks on layers [24, 25, 26, 27, 28, 29, 30, 31], mode=uniform_causal
[Verify] All hooks fired. Total calls: 5264, per-layer: {24: 658, 25: 658, 26: 658, 27: 658, 28: 658, 29: 658, 30: 658, 31: 658}
  EN acc=90.0% ppl=54.23
  ZH acc=100.0% ppl=16.24
  EN gen_ppl=6.19
  ZH gen_ppl=3.25

==================================================
  CONDITION: uniform_global (seed=42)
==================================================
[Intervention] Registered 8 hooks on layers [24, 25, 26, 27, 28, 29, 30, 31], mode=uniform_global
[Verify] All hooks fired. Total calls: 5264, per-layer: {24: 658, 25: 658, 26: 658, 27: 658, 28: 658, 29: 658, 30: 658, 31: 658}
  EN acc=90.0% ppl=21.97
  ZH acc=100.0% ppl=9.73
  EN gen_ppl=3.97
  ZH gen_ppl=2.95

==================================================
  CONDITION: shuffle_rows (seed=42)
==================================================
[Intervention] Registered 8 hooks on layers [24, 25, 26, 27, 28, 29, 30, 31], mode=shuffle_rows
[Verify] All hooks fired. Total calls: 5264, per-layer: {24: 658, 25: 658, 26: 658, 27: 658, 28: 658, 29: 658, 30: 658, 31: 658}
  EN acc=90.0% ppl=47.73
  ZH acc=100.0% ppl=16.08
  EN gen_ppl=3.77
  ZH gen_ppl=3.41

Saved -> /root/data/punc/results_v8_cloud/Mixtral-8x7B-Instruct_late/intervention_results.json
[2026-09-07 12:19:39] ✅ DONE Mixtral-8x7B-Instruct_late in 20337s
[2026-09-07 12:19:39] === v8 CLOUD COMPLETE — ok:4 failed:0 ===
[2026-09-07 12:19:39] ⚠️ 记得 scp results 回本地后释放服务器!
